#
# A fatal error has been detected by the Java Runtime Environment:
#
#  EXCEPTION_ACCESS_VIOLATION (0xc0000005) at pc=0x00000000770d32d0, pid=4428, tid=5584
#
# JRE version: 6.0_17-b04
# Java VM: Java HotSpot(TM) 64-Bit Server VM (14.3-b01 mixed mode windows-amd64 )
# Problematic frame:
# C  [ntdll.dll+0x532d0]
#
# If you would like to submit a bug report, please visit:
#   http://java.sun.com/webapps/bugreport/crash.jsp
# The crash happened outside the Java Virtual Machine in native code.
# See problematic frame for where to report the bug.
#

---------------  T H R E A D  ---------------

Current thread (0x0000000002074800):  JavaThread "main" [_thread_in_native, id=5584, stack(0x0000000000200000,0x0000000001700000)]

siginfo: ExceptionCode=0xc0000005, reading address 0x0000000006767318

Registers:
EAX=0x0000001b27dd3e07, EBX=0x0000000006767310, ECX=0x000000ffffffffff, EDX=0x0000000050625230
ESP=0x00000000016fa1d0, EBP=0x0000000000000000, ESI=0x0000000004760000, EDI=0x0000000050625240
EIP=0x00000000770d32d0, EFLAGS=0x0000000000010202

Top of Stack: (sp=0x00000000016fa1d0)
0x00000000016fa1d0:   0000000000000000 00000000400b6c10
0x00000000016fa1e0:   0000000050625240 0000000050625240
0x00000000016fa1f0:   00000000400b6c10 0000000000000000
0x00000000016fa200:   fffffffffffffffe 00000000016fa368
0x00000000016fa210:   0000000002074800 00000000016fa368
0x00000000016fa220:   000000001a558210 0000000002074800
0x00000000016fa230:   0000000050625240 000000000000006d
0x00000000016fa240:   00000000016fa348 0000000076e8301a
0x00000000016fa250:   2030323a34323a36 00000000400b6c10
0x00000000016fa260:   2020202020202020 2020202020202020
0x00000000016fa270:   2020202020202020 000000007183cabc
0x00000000016fa280:   2020202020202020 4d49010020202020
0x00000000016fa290:   000000001a558210 0000000002074800
0x00000000016fa2a0:   00000000400b6c10 0000000004711185
0x00000000016fa2b0:   000000001a558210 000000000000006d
0x00000000016fa2c0:   0000000000000000 00000000400b6c10 

Instructions: (pc=0x00000000770d32d0)
0x00000000770d32c0:   33 d8 48 33 1d ff f0 0d 00 48 c1 e3 04 0f 0d 0b
0x00000000770d32d0:   4c 8b 63 08 49 bd 01 00 00 00 01 00 00 00 49 be 


Stack: [0x0000000000200000,0x0000000001700000],  sp=0x00000000016fa1d0,  free space=21480k
Native frames: (J=compiled Java code, j=interpreted, Vv=VM code, C=native code)
C  [ntdll.dll+0x532d0]

[error occurred during error reporting (printing native stack), id 0xc0000005]

Java frames: (J=compiled Java code, j=interpreted, Vv=VM code)
j  com.mathworks.mlwidgets.explorer.extensions.matlab.MATFileUtils.nativeOpen(Ljava/lang/String;)J+0
j  com.mathworks.mlwidgets.explorer.extensions.matlab.MATFileUtils.read(Ljava/io/File;Lcom/mathworks/util/AsyncReceiver;)V+16
j  com.mathworks.mlwidgets.explorer.extensions.matlab.MATFileDetailPanelData$1.run()V+56
j  com.mathworks.jmi.NativeMatlab.dispatchMTRequests(Z)V+50
v  ~StubRoutines::call_stub

---------------  P R O C E S S  ---------------

Java Threads: ( => current thread )
  0x000000003c268000 JavaThread "Timer-11575" [_thread_blocked, id=3352, stack(0x00000000048c0000,0x0000000004940000)]
  0x000000003c269800 JavaThread "pool-2-thread-1" [_thread_blocked, id=3944, stack(0x0000000004b60000,0x0000000004be0000)]
  0x000000003c265000 JavaThread "RequestQueue for GenericFileList" [_thread_blocked, id=5736, stack(0x00000000047f0000,0x0000000004870000)]
  0x000000003c262800 JavaThread "Active Reference Queue Daemon" daemon [_thread_blocked, id=4416, stack(0x00000000127d0000,0x0000000012850000)]
  0x000000003c266000 JavaThread "Timer-74" daemon [_thread_blocked, id=2876, stack(0x000000003d280000,0x000000003d300000)]
  0x000000003c264800 JavaThread "Timer-3" daemon [_thread_blocked, id=5484, stack(0x000000003d310000,0x000000003d390000)]
  0x000000003c263000 JavaThread "Prefs Updater" daemon [_thread_blocked, id=5080, stack(0x000000003a0e0000,0x000000003a160000)]
  0x000000003c261800 JavaThread "Timer-1" [_thread_blocked, id=5820, stack(0x0000000035eb0000,0x0000000035f30000)]
  0x000000003c261000 JavaThread "FelixPackageAdmin" daemon [_thread_blocked, id=5652, stack(0x000000002afc0000,0x000000002b040000)]
  0x000000003c002800 JavaThread "FelixStartLevel" daemon [_thread_blocked, id=5548, stack(0x0000000034860000,0x00000000348e0000)]
  0x000000003c2a7800 JavaThread "FelixDispatchQueue" daemon [_thread_blocked, id=4256, stack(0x0000000033200000,0x0000000033280000)]
  0x000000003c03f000 JavaThread "TimerQueue" daemon [_thread_blocked, id=3992, stack(0x000000002c5b0000,0x000000002c630000)]
  0x000000003c258000 JavaThread "AWT-EventQueue-0" [_thread_blocked, id=5844, stack(0x000000000fe60000,0x000000000fee0000)]
  0x000000003bbc0800 JavaThread "com.google.common.base.internal.Finalizer" daemon [_thread_blocked, id=3664, stack(0x000000000a700000,0x000000000a780000)]
  0x000000003ba2a800 JavaThread "AWT-Windows" daemon [_thread_in_native, id=4968, stack(0x000000000a940000,0x000000000a9c0000)]
  0x000000003ba29800 JavaThread "AWT-Shutdown" [_thread_blocked, id=5004, stack(0x000000000edd0000,0x000000000ee50000)]
  0x000000003bb55800 JavaThread "Java2D Disposer" daemon [_thread_blocked, id=2888, stack(0x000000000d580000,0x000000000d600000)]
  0x000000000fb2b000 JavaThread "Timer-0" [_thread_blocked, id=5188, stack(0x000000000bf70000,0x000000000bff0000)]
  0x000000000faf2800 JavaThread "JMI Unnamed Thread" [_thread_in_native, id=4600, stack(0x0000000008e50000,0x000000000a350000)]
  0x000000000ed2a800 JavaThread "Low Memory Detector" daemon [_thread_blocked, id=4344, stack(0x000000000a9e0000,0x000000000aa60000)]
  0x000000000ed23800 JavaThread "CompilerThread1" daemon [_thread_blocked, id=1768, stack(0x0000000038b10000,0x000000003a010000)]
  0x000000000ed1d800 JavaThread "CompilerThread0" daemon [_thread_blocked, id=4212, stack(0x0000000037590000,0x0000000038a90000)]
  0x000000000ed1d000 JavaThread "Attach Listener" daemon [_thread_blocked, id=2644, stack(0x000000000a5e0000,0x000000000a660000)]
  0x000000000ecc4000 JavaThread "Finalizer" daemon [_thread_blocked, id=2616, stack(0x000000000a400000,0x000000000a480000)]
  0x000000000ecba000 JavaThread "Reference Handler" daemon [_thread_blocked, id=5904, stack(0x000000000a7a0000,0x000000000a820000)]
=>0x0000000002074800 JavaThread "main" [_thread_in_native, id=5584, stack(0x0000000000200000,0x0000000001700000)]

Other Threads:
  0x000000000ecb4800 VMThread [stack: 0x0000000035f50000,0x0000000037450000] [id=3244]
  0x000000000ed47800 WatcherThread [stack: 0x000000003a160000,0x000000003b660000] [id=3200]

VM state:not at safepoint (normal execution)

VM Mutex/Monitor currently owned by a thread: None

Heap
 PSYoungGen      total 15360K, used 11378K [0x0000000027e90000, 0x0000000029050000, 0x000000002af90000)
  eden space 13312K, 70% used [0x0000000027e90000,0x00000000287b44d0,0x0000000028b90000)
  from space 2048K, 98% used [0x0000000028bf0000,0x0000000028de83c0,0x0000000028df0000)
  to   space 2432K, 0% used [0x0000000028df0000,0x0000000028df0000,0x0000000029050000)
 PSOldGen        total 50112K, used 48019K [0x000000001eb90000, 0x0000000021c80000, 0x0000000027e90000)
  object space 50112K, 95% used [0x000000001eb90000,0x0000000021a74d98,0x0000000021c80000)
 PSPermGen       total 59712K, used 59252K [0x0000000016b90000, 0x000000001a5e0000, 0x000000001eb90000)
  object space 59712K, 99% used [0x0000000016b90000,0x000000001a56d108,0x000000001a5e0000)

Dynamic libraries:
0x000000013faf0000 - 0x000000013fb19000 	C:\Program Files\MATLAB\R2011a\bin\win64\MATLAB.exe
0x0000000077080000 - 0x0000000077229000 	C:\windows\SYSTEM32\ntdll.dll
0x0000000076e60000 - 0x0000000076f7f000 	C:\windows\system32\kernel32.dll
0x000007fefd330000 - 0x000007fefd39c000 	C:\windows\system32\KERNELBASE.dll
0x0000000074460000 - 0x0000000074569000 	C:\Program Files\MATLAB\R2011a\bin\win64\libut.dll
0x00000000758a0000 - 0x0000000075920000 	C:\Program Files\MATLAB\R2011a\bin\win64\libmwi18n.dll
0x0000000180000000 - 0x000000018000b000 	C:\Program Files\MATLAB\R2011a\bin\win64\libmwresource_core.dll
0x0000000063cb0000 - 0x0000000063d83000 	C:\windows\WinSxS\amd64_microsoft.vc90.crt_1fc8b3b9a1e18e3b_9.0.30729.5570_none_08e72cf3a83ac624\MSVCP90.dll
0x00000000718a0000 - 0x0000000071943000 	C:\windows\WinSxS\amd64_microsoft.vc90.crt_1fc8b3b9a1e18e3b_9.0.30729.5570_none_08e72cf3a83ac624\MSVCR90.dll
0x000000007a3b0000 - 0x000000007a3c0000 	C:\Program Files\MATLAB\R2011a\bin\win64\boost_date_time-vc90-mt-1_40.dll
0x000000007a170000 - 0x000000007a189000 	C:\Program Files\MATLAB\R2011a\bin\win64\boost_filesystem-vc90-mt-1_40.dll
0x000000007a560000 - 0x000000007a569000 	C:\Program Files\MATLAB\R2011a\bin\win64\boost_system-vc90-mt-1_40.dll
0x000000007a2d0000 - 0x000000007a2e2000 	C:\Program Files\MATLAB\R2011a\bin\win64\boost_thread-vc90-mt-1_40.dll
0x000000007a010000 - 0x000000007a035000 	C:\Program Files\MATLAB\R2011a\bin\win64\LIBEXPAT.dll
0x00000000739d0000 - 0x0000000073b8c000 	C:\Program Files\MATLAB\R2011a\bin\win64\icuin42.dll
0x00000000740b0000 - 0x0000000074223000 	C:\Program Files\MATLAB\R2011a\bin\win64\icuuc42.dll
0x000007fefd980000 - 0x000007fefda5b000 	C:\windows\system32\ADVAPI32.dll
0x000007fefd5c0000 - 0x000007fefd65f000 	C:\windows\system32\msvcrt.dll
0x000007fefda60000 - 0x000007fefda7f000 	C:\windows\SYSTEM32\sechost.dll
0x000007fefd660000 - 0x000007fefd78d000 	C:\windows\system32\RPCRT4.dll
0x0000000010000000 - 0x0000000010f47000 	C:\Program Files\MATLAB\R2011a\bin\win64\icudt42.dll
0x0000000073f70000 - 0x000000007407d000 	C:\Program Files\MATLAB\R2011a\bin\win64\libmwfl.dll
0x0000000001770000 - 0x0000000001803000 	C:\Program Files\MATLAB\R2011a\bin\win64\libmwMATLAB_res.dll
0x000000007a250000 - 0x000000007a263000 	C:\Program Files\MATLAB\R2011a\bin\win64\boost_signals-vc90-mt-1_40.dll
0x0000000001830000 - 0x0000000001876000 	C:\Program Files\MATLAB\R2011a\bin\win64\tbb.dll
0x000007fefd790000 - 0x000007fefd7a7000 	C:\windows\system32\imagehlp.dll
0x0000000077240000 - 0x0000000077247000 	C:\windows\system32\PSAPI.DLL
0x000000007a3d0000 - 0x000000007a3e3000 	C:\Program Files\MATLAB\R2011a\bin\win64\icuio42.dll
0x000007fefaec0000 - 0x000007fefafe5000 	C:\windows\system32\dbghelp.dll
0x0000000076f80000 - 0x000000007707a000 	C:\windows\system32\USER32.dll
0x000007fefeb70000 - 0x000007fefebd7000 	C:\windows\system32\GDI32.dll
0x000007fefda80000 - 0x000007fefda8e000 	C:\windows\system32\LPK.dll
0x000007feff2c0000 - 0x000007feff389000 	C:\windows\system32\USP10.dll
0x000000007bed0000 - 0x000000007c0f5000 	C:\Program Files\MATLAB\R2011a\bin\win64\libmwservices.dll
0x0000000075a20000 - 0x0000000075ab2000 	C:\Program Files\MATLAB\R2011a\bin\win64\libmx.dll
0x000000007a210000 - 0x000000007a226000 	C:\Program Files\MATLAB\R2011a\bin\win64\zlib1.dll
0x0000000074330000 - 0x000000007444b000 	C:\Program Files\MATLAB\R2011a\bin\win64\libmwmathutil.dll
0x0000000063f40000 - 0x0000000063f94000 	C:\Program Files\MATLAB\R2011a\bin\win64\mpath.dll
0x000000007b680000 - 0x000000007b982000 	C:\Program Files\MATLAB\R2011a\bin\win64\mlutil.dll
0x0000000063c20000 - 0x0000000063ca2000 	C:\Program Files\MATLAB\R2011a\bin\win64\xmlcore.dll
0x000000007bc30000 - 0x000000007be83000 	C:\Program Files\MATLAB\R2011a\bin\win64\xerces-c_2_7.dll
0x000007fefeb20000 - 0x000007fefeb6d000 	C:\windows\system32\WS2_32.dll
0x000007fefd5b0000 - 0x000007fefd5b8000 	C:\windows\system32\NSI.dll
0x000007fefdd90000 - 0x000007fefeb18000 	C:\windows\system32\SHELL32.dll
0x000007fefdd10000 - 0x000007fefdd81000 	C:\windows\system32\SHLWAPI.dll
0x000007fef8cf0000 - 0x000007fef8d90000 	C:\windows\WinSxS\amd64_microsoft.windows.common-controls_6595b64144ccf1df_5.82.7601.17514_none_a4d6a923711520a9\COMCTL32.dll
0x000007fefd7b0000 - 0x000007fefd847000 	C:\windows\system32\COMDLG32.dll
0x000007fefa730000 - 0x000007fefa746000 	C:\windows\system32\NETAPI32.dll
0x000007fefc490000 - 0x000007fefc49c000 	C:\windows\system32\netutils.dll
0x000007fefcc10000 - 0x000007fefcc33000 	C:\windows\system32\srvcli.dll
0x000007fefa710000 - 0x000007fefa725000 	C:\windows\system32\wkscli.dll
0x000007feff0b0000 - 0x000007feff2b3000 	C:\windows\system32\ole32.dll
0x000007fefecf0000 - 0x000007fefedc7000 	C:\windows\system32\OLEAUT32.dll
0x0000000074970000 - 0x0000000074a34000 	C:\Program Files\MATLAB\R2011a\bin\win64\mcr.dll
0x0000000075000000 - 0x00000000750e4000 	C:\Program Files\MATLAB\R2011a\bin\win64\iqm.dll
0x0000000061e80000 - 0x000000006261c000 	C:\Program Files\MATLAB\R2011a\bin\win64\m_interpreter.dll
0x0000000071c70000 - 0x0000000071c7f000 	C:\Program Files\MATLAB\R2011a\bin\win64\libmex.dll
0x0000000063b70000 - 0x0000000063c14000 	C:\Program Files\MATLAB\R2011a\bin\win64\m_dispatcher.dll
0x0000000074880000 - 0x0000000074945000 	C:\Program Files\MATLAB\R2011a\bin\win64\boost_regex-vc90-mt-1_40.dll
0x0000000063af0000 - 0x0000000063b6f000 	C:\Program Files\MATLAB\R2011a\bin\win64\profiler.dll
0x0000000079f40000 - 0x0000000079f6c000 	C:\Program Files\MATLAB\R2011a\bin\win64\libmwmathrng.dll
0x0000000070f10000 - 0x0000000070f30000 	C:\Program Files\MATLAB\R2011a\bin\win64\m_pcodeio.dll
0x0000000079b10000 - 0x0000000079b71000 	C:\Program Files\MATLAB\R2011a\bin\win64\m_ir.dll
0x0000000061840000 - 0x0000000061e7b000 	C:\Program Files\MATLAB\R2011a\bin\win64\m_parser.dll
0x00000000663d0000 - 0x00000000663e9000 	C:\Program Files\MATLAB\R2011a\bin\win64\ir_xfmr.dll
0x00000000638a0000 - 0x0000000063aeb000 	C:\Program Files\MATLAB\R2011a\bin\win64\mcos.dll
0x0000000071c60000 - 0x0000000071c6c000 	C:\Program Files\MATLAB\R2011a\bin\win64\mtok.dll
0x0000000065e70000 - 0x0000000065e9b000 	C:\Program Files\MATLAB\R2011a\bin\win64\m_pcodegen.dll
0x0000000076160000 - 0x00000000761c2000 	C:\Program Files\MATLAB\R2011a\bin\win64\libmwspmatrix.dll
0x0000000079fb0000 - 0x0000000079fde000 	C:\Program Files\MATLAB\R2011a\bin\win64\libmwbridge.dll
0x00000000637e0000 - 0x0000000063899000 	C:\Program Files\MATLAB\R2011a\bin\win64\udd.dll
0x0000000063690000 - 0x00000000637d1000 	C:\Program Files\MATLAB\R2011a\bin\win64\libmwgui.dll
0x0000000064f60000 - 0x0000000064f77000 	C:\Program Files\MATLAB\R2011a\bin\win64\graphics_util.dll
0x0000000060fc0000 - 0x0000000061840000 	C:\Program Files\MATLAB\R2011a\bin\win64\hg.dll
0x0000000076100000 - 0x000000007614f000 	C:\Program Files\MATLAB\R2011a\bin\win64\libmat.dll
0x0000000072d30000 - 0x0000000072f33000 	C:\Program Files\MATLAB\R2011a\bin\win64\libhdf5.dll
0x0000000062e70000 - 0x0000000062eeb000 	C:\Program Files\MATLAB\R2011a\bin\win64\jmi.dll
0x0000000001a90000 - 0x0000000001a9e000 	C:\Program Files\MATLAB\R2011a\bin\win64\nativejava_services.dll
0x0000000063f00000 - 0x0000000063f3c000 	C:\Program Files\MATLAB\R2011a\bin\win64\libmwhardcopy.dll
0x0000000063630000 - 0x0000000063688000 	C:\Program Files\MATLAB\R2011a\bin\win64\libuij.dll
0x0000000062c80000 - 0x0000000062e63000 	C:\Program Files\MATLAB\R2011a\bin\win64\hgdatatypes.dll
0x0000000060f00000 - 0x0000000060fbc000 	C:\Program Files\MATLAB\R2011a\bin\win64\hgutils.dll
0x0000000060e80000 - 0x0000000060efc000 	C:\Program Files\MATLAB\R2011a\bin\win64\libmwlapack.dll
0x0000000064f40000 - 0x0000000064f52000 	C:\Program Files\MATLAB\R2011a\bin\win64\libmwbinder.dll
0x00000000665c0000 - 0x00000000665cb000 	C:\Program Files\MATLAB\R2011a\bin\win64\libmwompwrapper.dll
0x0000000001b20000 - 0x0000000001de4000 	C:\Program Files\MATLAB\R2011a\bin\win64\uiw.dll
0x0000000066050000 - 0x000000006605a000 	C:\Program Files\MATLAB\R2011a\bin\win64\uinone.dll
0x0000000060210000 - 0x00000000606f4000 	C:\windows\WinSxS\amd64_microsoft.vc90.mfc_1fc8b3b9a1e18e3b_9.0.30729.5570_none_044bc1a7ab1db519\mfc90.dll
0x000007fefa470000 - 0x000007fefa477000 	C:\windows\system32\MSIMG32.dll
0x000007fef78b0000 - 0x000007fef7921000 	C:\windows\system32\WINSPOOL.DRV
0x0000000060160000 - 0x0000000060209000 	C:\Program Files\MATLAB\R2011a\bin\win64\udd_mi.dll
0x0000000064260000 - 0x000000006427b000 	C:\Program Files\MATLAB\R2011a\bin\win64\mwoles05.DLL
0x00000000600f0000 - 0x000000006015e000 	C:\Program Files\MATLAB\R2011a\bin\win64\comcli.dll
0x0000000063ed0000 - 0x0000000063eff000 	C:\windows\WinSxS\amd64_microsoft.vc90.atl_1fc8b3b9a1e18e3b_9.0.30729.5570_none_0a20e83fa767bc68\ATL90.DLL
0x0000000066000000 - 0x000000006600c000 	C:\Program Files\MATLAB\R2011a\bin\win64\mlautoregister.dll
0x0000000001e50000 - 0x0000000001e5d000 	C:\Program Files\MATLAB\R2011a\bin\win64\boost_iostreams-vc90-mt-1_40.dll
0x000007fefd580000 - 0x000007fefd5ae000 	C:\windows\system32\IMM32.DLL
0x000007fefebe0000 - 0x000007fefece9000 	C:\windows\system32\MSCTF.dll
0x000007fefb770000 - 0x000007fefb7c6000 	C:\windows\system32\UxTheme.dll
0x000007fefaff0000 - 0x000007fefb008000 	C:\windows\system32\dwmapi.dll
0x0000000065e60000 - 0x0000000065e6d000 	C:\windows\WinSxS\amd64_microsoft.vc90.mfcloc_1fc8b3b9a1e18e3b_9.0.30729.5570_none_01ca6cba60caf22b\MFC90ENU.DLL
0x000007fefcfd0000 - 0x000007fefcfdf000 	C:\windows\system32\profapi.dll
0x000007fefcf00000 - 0x000007fefcf0f000 	C:\windows\system32\CRYPTBASE.dll
0x000007fefba60000 - 0x000007fefbc54000 	C:\windows\WinSxS\amd64_microsoft.windows.common-controls_6595b64144ccf1df_6.0.7601.17514_none_fa396087175ac9ac\comctl32.dll
0x000007fef9f40000 - 0x000007fef9f58000 	C:\windows\system32\MPR.dll
0x000007fefacd0000 - 0x000007fefacda000 	C:\windows\System32\drprov.dll
0x000007fefc950000 - 0x000007fefc98d000 	C:\windows\System32\WINSTA.dll
0x000007fefa9c0000 - 0x000007fefa9e2000 	C:\windows\System32\ntlanman.dll
0x000007fef96c0000 - 0x000007fef96dc000 	C:\windows\System32\davclnt.dll
0x000007fef96b0000 - 0x000007fef96ba000 	C:\windows\System32\DAVHLPR.dll
0x000007fef7420000 - 0x000007fef742f000 	C:\windows\system32\cscapi.dll
0x000007fefdc10000 - 0x000007fefdca9000 	C:\windows\system32\CLBCatQ.DLL
0x000007fefb7d0000 - 0x000007fefb8fc000 	C:\windows\system32\propsys.dll
0x000007fefc0f0000 - 0x000007fefc11d000 	C:\windows\system32\ntmarta.dll
0x000007fefdcb0000 - 0x000007fefdd02000 	C:\windows\system32\WLDAP32.dll
0x0000000004bf0000 - 0x0000000004c19000 	C:\Program Files\MATLAB\R2011a\bin\win64\tbbmalloc.dll
0x0000000062c70000 - 0x0000000062c73000 	C:\windows\system32\icmp.Dll
0x000007fef9c60000 - 0x000007fef9c87000 	C:\windows\system32\iphlpapi.DLL
0x000007fef9c50000 - 0x000007fef9c5b000 	C:\windows\system32\WINNSI.DLL
0x000007fefce70000 - 0x000007fefce95000 	C:\windows\system32\SspiCli.dll
0x000007fefb480000 - 0x000007fefb495000 	C:\windows\system32\NLAapi.dll
0x000007fef7ca0000 - 0x000007fef7cb5000 	C:\windows\system32\napinsp.dll
0x000007fef7cc0000 - 0x000007fef7cd9000 	C:\windows\system32\pnrpnsp.dll
0x000007fefc800000 - 0x000007fefc855000 	C:\windows\System32\mswsock.dll
0x000007fefc680000 - 0x000007fefc6db000 	C:\windows\system32\DNSAPI.dll
0x000007fef7c90000 - 0x000007fef7c9b000 	C:\windows\System32\winrnr.dll
0x000007fef9a10000 - 0x000007fef9a63000 	C:\windows\System32\fwpuclnt.dll
0x000007fef9190000 - 0x000007fef9198000 	C:\windows\system32\rasadhlp.dll

VM Arguments:
jvm_args: -Xss512k -XX:PermSize=32m -Xms64m -XX:NewRatio=3 -XX:MaxPermSize=128m -Xmx196m -XX:MaxDirectMemorySize=2147400000 -Dsun.java2d.noddraw=true -Dsun.awt.nopixfmt=true -Xshare:off -Xrs -Dsun.awt.disableMixing=true -Djava.library.path=C:\Program Files\MATLAB\R2011a\bin\win64 vfprintf abort 
java_command: <unknown>
Launcher Type: generic

Environment Variables:
PATH=c:\Oracle\product\11.2.0\client_1\bin;C:\Program Files\WUR_SYS;C:\windows\system32;C:\windows;C:\windows\System32\Wbem;C:\windows\System32\WindowsPowerShell\v1.0\;C:\Program Files\MATLAB\R2011a\runtime\win64;C:\Program Files\MATLAB\R2011a\bin
USERNAME=Ridde001
OSTYPE=US_W764
OS=Windows_NT
PROCESSOR_IDENTIFIER=Intel64 Family 6 Model 42 Stepping 7, GenuineIntel



---------------  S Y S T E M  ---------------

OS: Windows 7 Build 7601 Service Pack 1

CPU:total 8 (8 cores per cpu, 2 threads per core) family 6 model 42 stepping 7, cmov, cx8, fxsr, mmx, sse, sse2, sse3, ssse3, sse4.1, sse4.2, ht

Memory: 4k page, physical 4079620k(2638536k free), swap 6174924k(3760192k free)

vm_info: Java HotSpot(TM) 64-Bit Server VM (14.3-b01) for windows-amd64 JRE (1.6.0_17-b04), built on Oct 11 2009 00:46:08 by "java_re" with MS VC++ 8.0

time: Wed Sep 14 13:44:55 2011
elapsed time: 78322 seconds

